// Jest Snapshot v1, https://goo.gl/fbAQLP

exports[`should render 1`] = `
<div>
  <div
    class="css-0"
  >
    <header
      class="css-0"
    >
      <button
        class="chakra-button css-4xx2wk"
        type="button"
      >
        Logout
      </button>
      <button
        class="chakra-button css-18zcl9e"
        type="button"
      >
        Add Column
      </button>
      <h2
        class="chakra-heading css-ldihrc"
      >
        Board
      </h2>
    </header>
    <div
      class="css-1xhj18k"
    >
      <div
        class="chakra-card css-y9sm2n"
      >
        <div
          class="chakra-card__header css-0"
        >
          <div
            class="css-1ly7b7v"
          >
            <h2
              class="chakra-heading css-0"
            >
              New
            </h2>
          </div>
        </div>
        <div
          class="chakra-card__body css-0"
        >
          <div
            class="css-l1cog7"
            style="opacity: 1;"
          >
            Task 17
          </div>
          <div
            class="css-l1cog7"
            style="opacity: 1;"
          >
            Task 28
          </div>
          <div
            class="css-l1cog7"
            style="opacity: 1;"
          >
            Task 39
          </div>
        </div>
        <div
          class="chakra-card__footer css-k008qs"
        >
          <div
            class="css-gmuwbf"
          >
            <button
              class="chakra-button css-1n9fchx"
              type="button"
            >
              Add task
            </button>
          </div>
        </div>
      </div>
      <div
        class="chakra-card css-y9sm2n"
      >
        <div
          class="chakra-card__header css-0"
        >
          <div
            class="css-1ly7b7v"
          >
            <h2
              class="chakra-heading css-0"
            >
              In Progress
            </h2>
          </div>
        </div>
        <div
          class="chakra-card__body css-0"
        >
          <div
            class="css-8vjhak"
            style="opacity: 1;"
          >
            Task 45
          </div>
          <div
            class="css-8vjhak"
            style="opacity: 1;"
          >
            Task 56
          </div>
        </div>
        <div
          class="chakra-card__footer css-k008qs"
        >
          <div
            class="css-gmuwbf"
          >
            <button
              class="chakra-button css-1n9fchx"
              type="button"
            >
              Add task
            </button>
          </div>
        </div>
      </div>
      <div
        class="chakra-card css-y9sm2n"
      >
        <div
          class="chakra-card__header css-0"
        >
          <div
            class="css-1ly7b7v"
          >
            <h2
              class="chakra-heading css-0"
            >
              Review
            </h2>
          </div>
        </div>
        <div
          class="chakra-card__body css-0"
        >
          <div
            class="css-1yyju89"
            style="opacity: 1;"
          >
            Task 87
          </div>
          <div
            class="css-1yyju89"
            style="opacity: 1;"
          >
            Task 29
          </div>
          <div
            class="css-1yyju89"
            style="opacity: 1;"
          >
            Task 63
          </div>
          <div
            class="css-1yyju89"
            style="opacity: 1;"
          >
            Task 4
          </div>
        </div>
        <div
          class="chakra-card__footer css-k008qs"
        >
          <div
            class="css-gmuwbf"
          >
            <button
              class="chakra-button css-1n9fchx"
              type="button"
            >
              Add task
            </button>
          </div>
        </div>
      </div>
      <div
        class="chakra-card css-y9sm2n"
      >
        <div
          class="chakra-card__header css-0"
        >
          <div
            class="css-1ly7b7v"
          >
            <h2
              class="chakra-heading css-0"
            >
              Done
            </h2>
          </div>
        </div>
        <div
          class="chakra-card__body css-0"
        >
          <div
            class="css-14646ao"
            style="opacity: 1;"
          >
            Task 7
          </div>
          <div
            class="css-14646ao"
            style="opacity: 1;"
          >
            Task 8
          </div>
          <div
            class="css-14646ao"
            style="opacity: 1;"
          >
            Task 9
          </div>
        </div>
        <div
          class="chakra-card__footer css-k008qs"
        >
          <div
            class="css-gmuwbf"
          >
            <button
              class="chakra-button css-1n9fchx"
              type="button"
            >
              Add task
            </button>
          </div>
        </div>
      </div>
    </div>
  </div>
</div>
`;
