// Jest Snapshot v1, https://goo.gl/fbAQLP

exports[`should open the AddColumnModal when button is pressed: AddColumnModal 1`] = `
<section
  aria-describedby="chakra-modal--body-:r3:"
  aria-labelledby="chakra-modal--header-:r3:"
  aria-modal="true"
  class="chakra-modal__content css-6yiygt"
  id="chakra-modal-:r3:"
  role="dialog"
  style=""
  tabindex="-1"
>
  <header
    class="chakra-modal__header css-72fd9l"
    id="chakra-modal--header-:r3:"
  >
    Add Column
  </header>
  <button
    aria-label="Close"
    class="chakra-modal__close-btn css-6sdaxy"
    type="button"
  >
    <svg
      aria-hidden="true"
      class="chakra-icon css-onkibi"
      focusable="false"
      viewBox="0 0 24 24"
    >
      <path
        d="M.439,21.44a1.5,1.5,0,0,0,2.122,2.121L11.823,14.3a.25.25,0,0,1,.354,0l9.262,9.263a1.5,1.5,0,1,0,2.122-2.121L14.3,12.177a.25.25,0,0,1,0-.354l9.263-9.262A1.5,1.5,0,0,0,21.439.44L12.177,9.7a.25.25,0,0,1-.354,0L2.561.44A1.5,1.5,0,0,0,.439,2.561L9.7,11.823a.25.25,0,0,1,0,.354Z"
        fill="currentColor"
      />
    </svg>
  </button>
  <div
    class="chakra-modal__body css-0"
    id="chakra-modal--body-:r3:"
  >
    <div
      class="chakra-form-control css-0"
      role="group"
    >
      <label
        class="chakra-form__label css-uvho5g"
        data-invalid=""
        for="field-:r6:"
        id="field-:r6:-label"
      >
        Name:
      </label>
      <input
        aria-describedby="field-:r6:-feedback"
        aria-invalid="true"
        class="chakra-input css-0"
        id="field-:r6:"
        type="text"
        value=""
      />
      <div
        aria-live="polite"
        class="chakra-form__error-message css-70qvj9"
        id="field-:r6:-feedback"
      >
        Name is required.
      </div>
    </div>
  </div>
  <footer
    class="chakra-modal__footer css-192qrng"
  >
    <button
      class="chakra-button css-eoelga"
      type="button"
    >
      Close
    </button>
    <button
      class="chakra-button css-eoelga"
      disabled=""
      type="button"
    >
      Add Column
    </button>
  </footer>
</section>
`;

exports[`should render: Default Home Page 1`] = `
<div>
  <div
    class="css-0"
  >
    <header
      class="css-0"
    >
      <button
        class="chakra-button css-4xx2wk"
        type="button"
      >
        Logout
      </button>
      <button
        class="chakra-button css-18zcl9e"
        type="button"
      >
        Add Column
      </button>
      <h2
        class="chakra-heading css-ldihrc"
      >
        Board
      </h2>
    </header>
    <div
      class="css-1xhj18k"
    />
  </div>
</div>
`;
