// Jest Snapshot v1, https://goo.gl/fbAQLP

exports[`should not login with invalid email: Invalid Email Error 1`] = `
<article
  class="message is-danger"
  role="alert"
>
  <header
    class="message-header"
  >
    <p>
      There was an error
    </p>
  </header>
  <div
    class="message-body"
  >
    Email is not valid
  </div>
</article>
`;

exports[`should render: Default Login Page 1`] = `
<div>
  <main
    class="pageContainer"
  >
    <div
      class="card card"
    >
      <header
        class="card-header"
      >
        <p
          class="card-header-title"
        >
          Login or Register
        </p>
      </header>
      <article
        class="card-content"
      >
        <div
          class="content"
        >
          <section
            class="field"
          >
            <label
              class="label"
            >
              Email
            </label>
            <div
              class="control"
            >
              <input
                class="input"
                type="email"
                value=""
              />
            </div>
          </section>
        </div>
      </article>
      <footer
        class="card-footer"
      >
        <a
          class="card-footer-item"
          role="button"
        >
          Authorize Me
        </a>
      </footer>
    </div>
  </main>
</div>
`;
